// Jest Snapshot v1, https://goo.gl/fbAQLP

exports[`ShopPage component should render ShopPage 1`] = `
"<BrowserRouter>
  <Router history={{...}}>
    <Provider store={{...}}>
      <ShopPage match={{...}} fetchCollectionsStart={[Function: mockConstructor]}>
        <styled.div>
          <StyledComponent forwardedComponent={{...}} forwardedRef={{...}}>
            <div className=\\"sc-htpNat daVAfG\\">
              <Suspense fallback={{...}}>
                <Route exact={true} path=\\"\\" component={{...}} />
                <Route path=\\"/:collectionId\\" component={{...}} />
                <Spinner>
                  <styled.div>
                    <StyledComponent forwardedComponent={{...}} forwardedRef={{...}}>
                      <div className=\\"sc-bdVaJa itPEQX\\">
                        <styled.div>
                          <StyledComponent forwardedComponent={{...}} forwardedRef={{...}}>
                            <div className=\\"sc-bwzfXH cdCsLX\\" />
                          </StyledComponent>
                        </styled.div>
                      </div>
                    </StyledComponent>
                  </styled.div>
                </Spinner>
              </Suspense>
            </div>
          </StyledComponent>
        </styled.div>
      </ShopPage>
    </Provider>
  </Router>
</BrowserRouter>"
`;
