// Jest Snapshot v1, https://goo.gl/fbAQLP

exports[`Checkout component should render Checkout 1`] = `
"<CheckoutPageContainer>
  <CheckoutHeaderContainer>
    <HeaderBlockContainer>
      <span>
        Product
      </span>
    </HeaderBlockContainer>
    <HeaderBlockContainer>
      <span>
        Description
      </span>
    </HeaderBlockContainer>
    <HeaderBlockContainer>
      <span>
        Quantity
      </span>
    </HeaderBlockContainer>
    <HeaderBlockContainer>
      <span />
    </HeaderBlockContainer>
    <HeaderBlockContainer>
      <span>
        Remove
      </span>
    </HeaderBlockContainer>
  </CheckoutHeaderContainer>
  <Connect(CheckoutItem) cartItem={{...}} />
  <Connect(CheckoutItem) cartItem={{...}} />
  <Connect(CheckoutItem) cartItem={{...}} />
  <Connect(CheckoutItem) cartItem={{...}} />
  <Connect(CheckoutItem) cartItem={{...}} />
  <TotalContainer>
    <span>
      $
      10
    </span>
  </TotalContainer>
  <WarningContainer>
    *Please the following test credit card for payments*
    <br />
    4242 4242 4242 4242 - Exp: 01/20 - CVV: 123
  </WarningContainer>
  <StripeCheckoutButton price={10} />
</CheckoutPageContainer>"
`;
