// Jest Snapshot v1, https://goo.gl/fbAQLP

exports[`HomePage component should render HomePage 1`] = `
"<HomePageContainer>
  <Connect(Directory) />
</HomePageContainer>"
`;
