// Jest Snapshot v1, https://goo.gl/fbAQLP

exports[`CustomButton component should render CustomButton 1`] = `"<styled.button />"`;
