// Jest Snapshot v1, https://goo.gl/fbAQLP

exports[`SignInAndSignUpPage component should render component 1`] = `
"<SignInAndSignUpContainer>
  <Connect(SignIn) />
  <Connect(SignUp) />
</SignInAndSignUpContainer>"
`;
